
> front-travel-go@0.0.0 build
> ng build

[33mÔØ»[39m Building...
[32mÔ£ö[39m Building...
[1mInitial chunk files[22m[2m | [22m[1mNames[22m        [2m | [22m [1mRaw size[22m[2m | [22m[1mEstimated transfer size[22m
[32mmain-BM7YV2S7.js[39m   [2m | [22m[2mmain[22m         [2m | [22m[36m617.12 kB[39m[2m | [22m              [36m131.21 kB[39m
[32mstyles-WQKFPGIQ.css[39m[2m | [22m[2mstyles[22m       [2m | [22m[36m315.81 kB[39m[2m | [22m               [36m33.12 kB[39m
[32mscripts-TTWY4XDY.js[39m[2m | [22m[2mscripts[22m      [2m | [22m [36m80.45 kB[39m[2m | [22m               [36m21.60 kB[39m

[1m [22m                  [2m | [22m[1mInitial total[22m[2m | [22m  [1m[91m1.01 MB[39m[22m[2m | [22m              [1m185.93 kB[22m

Application bundle generation failed. [3.661 seconds] - 2026-02-28T23:11:59.107Z

node.exe : 
[1m[33m[33mÔû▓ [43;
33m[[43;30mWARNING[43
;33m][0m [1mbundle 
initial exceeded 
maximum budget. Budget 
500.00 kB was not met 
by 513.37 kB with a 
total of 1.01 MB.[0m
En línea: 1 Carácter: 1
+ & "C:\nvm4w\nodejs/no
de.exe" "C:\nvm4w\nodej
s/node_modules/npm/bin/
np ...
+ ~~~~~~~~~~~~~~~~~~~~~
~~~~~~~~~~~~~~~~~~~~~~~
~~~~~~~~~~~~~~~~~~~~~~~
~~
    + CategoryInfo     
         : NotSpecifi  
  ed: ([1m[33m[33   
 mÔ...of 1.01 MB.[    
0m:String) [], Rem    
oteException
    + FullyQualifiedEr 
   rorId : NativeComm  
  andError
 


[33mÔû▓ [43;33m[[43;
30mWARNING[43;33m][0m
 [1msrc/app/features/A
dministrador/pages/admi
n-vehicles.page/admin-v
ehicles.page.scss 
exceeded maximum 
budget. Budget 4.00 kB 
was not met by 2.25 kB 
with a total of 6.25 
kB.[0m


[33mÔû▓ [43;33m[[43;
30mWARNING[43;33m][0m
 [1msrc/app/features/A
dministrador/pages/admi
n-summary.page/admin-su
mmary.page.scss 
exceeded maximum 
budget. Budget 4.00 kB 
was not met by 511 
bytes with a total of 
4.51 kB.[0m


[33mÔû▓ [43;33m[[43;
30mWARNING[43;33m][0m
 [1msrc/app/features/H
ome/pages/route-selecti
on/route-selection.page
.scss exceeded maximum 
budget. Budget 4.00 kB 
was not met by 563 
bytes with a total of 
4.56 kB.[0m

[39m[22m
[1m[31m[31mX [41;31
m[[41;97mERROR[41;31m
][0m [1mbundle 
initial exceeded 
maximum budget. Budget 
1.00 MB was not met by 
13.37 kB with a total 
of 1.01 MB.[0m

[39m[22m
